src/common/middlewares/validate.middleware.ts(2,34): error TS2307: Cannot find module 'express-validator' or its corresponding type declarations.
src/modules/adminAuth/adminAuth.routes.ts(4,22): error TS2307: Cannot find module 'express-validator' or its corresponding type declarations.
src/modules/admins/admin.routes.ts(7,27): error TS2305: Module '"../../common/utils/pagination"' has no exported member 'buildPaginationMeta'.
src/modules/auditLogs/auditLog.routes.ts(6,27): error TS2305: Module '"../../common/utils/pagination"' has no exported member 'buildPaginationMeta'.
src/modules/auth/auth.validation.ts(1,22): error TS2307: Cannot find module 'express-validator' or its corresponding type declarations.
src/modules/cart/cart.routes.ts(74,29): error TS2339: Property 'id' does not exist on type 'ICartItem[]'.
src/modules/cart/cart.routes.ts(78,18): error TS2339: Property 'pull' does not exist on type 'ICartItem[]'.
src/modules/cart/cart.routes.ts(95,16): error TS2339: Property 'pull' does not exist on type 'ICartItem[]'.
src/modules/content/content.routes.ts(7,27): error TS2305: Module '"../../common/utils/pagination"' has no exported member 'buildPaginationMeta'.
src/modules/coupons/coupon.routes.ts(6,27): error TS2305: Module '"../../common/utils/pagination"' has no exported member 'buildPaginationMeta'.
src/modules/customBlouse/customBlouse.routes.ts(7,27): error TS2305: Module '"../../common/utils/pagination"' has no exported member 'buildPaginationMeta'.
src/modules/orders/order.controller.ts(15,61): error TS2345: Argument of type 'string | string[]' is not assignable to parameter of type 'string'.
  Type 'string[]' is not assignable to type 'string'.
src/modules/orders/order.controller.ts(36,55): error TS2345: Argument of type 'string | string[]' is not assignable to parameter of type 'string'.
  Type 'string[]' is not assignable to type 'string'.
src/modules/orders/order.controller.ts(43,52): error TS2345: Argument of type 'string | string[]' is not assignable to parameter of type 'string'.
  Type 'string[]' is not assignable to type 'string'.
src/modules/orders/order.controller.ts(59,9): error TS2345: Argument of type 'string | string[]' is not assignable to parameter of type 'string'.
  Type 'string[]' is not assignable to type 'string'.
src/modules/orders/order.service.ts(10,27): error TS2305: Module '"../../common/utils/pagination"' has no exported member 'buildPaginationMeta'.
src/modules/orders/order.service.ts(12,10): error TS2614: Module '"mongoose"' has no exported member 'FilterQuery'. Did you mean to use 'import FilterQuery from "mongoose"' instead?
src/modules/products/product.controller.ts(22,54): error TS2345: Argument of type 'string | string[]' is not assignable to parameter of type 'string'.
  Type 'string[]' is not assignable to type 'string'.
src/modules/products/product.controller.ts(29,52): error TS2345: Argument of type 'string | string[]' is not assignable to parameter of type 'string'.
  Type 'string[]' is not assignable to type 'string'.
src/modules/products/product.controller.ts(36,51): error TS2345: Argument of type 'string | string[]' is not assignable to parameter of type 'string'.
  Type 'string[]' is not assignable to type 'string'.
src/modules/products/product.controller.ts(43,35): error TS2345: Argument of type 'string | string[]' is not assignable to parameter of type 'string'.
  Type 'string[]' is not assignable to type 'string'.
src/modules/products/product.controller.ts(64,56): error TS2345: Argument of type 'string | string[]' is not assignable to parameter of type 'string'.
  Type 'string[]' is not assignable to type 'string'.
src/modules/products/product.service.ts(5,27): error TS2305: Module '"../../common/utils/pagination"' has no exported member 'buildPaginationMeta'.
src/modules/products/product.service.ts(8,10): error TS2614: Module '"mongoose"' has no exported member 'FilterQuery'. Did you mean to use 'import FilterQuery from "mongoose"' instead?
src/modules/products/product.service.ts(21,7): error TS2769: No overload matches this call.
  The last overload gave the following error.
    Type 'unknown' is not assignable to type 'StringQueryTypeCasting'.
src/modules/reviews/review.routes.ts(7,27): error TS2305: Module '"../../common/utils/pagination"' has no exported member 'buildPaginationMeta'.
src/modules/support/support.routes.ts(6,27): error TS2305: Module '"../../common/utils/pagination"' has no exported member 'buildPaginationMeta'.
src/modules/users/user.routes.ts(8,27): error TS2305: Module '"../../common/utils/pagination"' has no exported member 'buildPaginationMeta'.
